{
  "version": "1.5.0",
  "plugins_used": [
    {
      "name": "ArtifactoryDetector"
    },
    {
      "name": "AWSKeyDetector"
    },
    {
      "name": "AzureStorageKeyDetector"
    },
    {
      "name": "Base64HighEntropyString",
      "limit": 4.5
    },
    {
      "name": "BasicAuthDetector"
    },
    {
      "name": "CloudantDetector"
    },
    {
      "name": "DiscordBotTokenDetector"
    },
    {
      "name": "GitHubTokenDetector"
    },
    {
      "name": "GitLabTokenDetector"
    },
    {
      "name": "HexHighEntropyString",
      "limit": 3.0
    },
    {
      "name": "IbmCloudIamDetector"
    },
    {
      "name": "IbmCosHmacDetector"
    },
    {
      "name": "IPPublicDetector"
    },
    {
      "name": "JwtTokenDetector"
    },
    {
      "name": "KeywordDetector",
      "keyword_exclude": ""
    },
    {
      "name": "MailchimpDetector"
    },
    {
      "name": "NpmDetector"
    },
    {
      "name": "OpenAIDetector"
    },
    {
      "name": "PrivateKeyDetector"
    },
    {
      "name": "PypiTokenDetector"
    },
    {
      "name": "SendGridDetector"
    },
    {
      "name": "SlackDetector"
    },
    {
      "name": "SoftlayerDetector"
    },
    {
      "name": "SquareOAuthDetector"
    },
    {
      "name": "StripeDetector"
    },
    {
      "name": "TelegramBotTokenDetector"
    },
    {
      "name": "TwilioKeyDetector"
    }
  ],
  "filters_used": [
    {
      "path": "detect_secrets.filters.allowlist.is_line_allowlisted"
    },
    {
      "path": "detect_secrets.filters.common.is_ignored_due_to_verification_policies",
      "min_level": 2
    },
    {
      "path": "detect_secrets.filters.heuristic.is_indirect_reference"
    },
    {
      "path": "detect_secrets.filters.heuristic.is_likely_id_string"
    },
    {
      "path": "detect_secrets.filters.heuristic.is_lock_file"
    },
    {
      "path": "detect_secrets.filters.heuristic.is_not_alphanumeric_string"
    },
    {
      "path": "detect_secrets.filters.heuristic.is_potential_uuid"
    },
    {
      "path": "detect_secrets.filters.heuristic.is_prefixed_with_dollar_sign"
    },
    {
      "path": "detect_secrets.filters.heuristic.is_sequential_string"
    },
    {
      "path": "detect_secrets.filters.heuristic.is_swagger_file"
    },
    {
      "path": "detect_secrets.filters.heuristic.is_templated_secret"
    },
    {
      "path": "detect_secrets.filters.regex.should_exclude_file",
      "pattern": [
        "\\.venv|node_modules|dist|\\.git|deploy/data"
      ]
    }
  ],
  "results": {
    ".specify\\integrations\\claude.manifest.json": [
      {
        "type": "Hex High Entropy String",
        "filename": ".specify\\integrations\\claude.manifest.json",
        "hashed_secret": "64adcadc9608ddf84b7f3d3b34be1e1275b04170",
        "is_verified": false,
        "line_number": 6
      },
      {
        "type": "Hex High Entropy String",
        "filename": ".specify\\integrations\\claude.manifest.json",
        "hashed_secret": "99f10ce15ad09120f6915290dbd19fa03b384b37",
        "is_verified": false,
        "line_number": 7
      },
      {
        "type": "Hex High Entropy String",
        "filename": ".specify\\integrations\\claude.manifest.json",
        "hashed_secret": "b5a1f4fd5147a4bbe9fa2825617352b86befb932",
        "is_verified": false,
        "line_number": 8
      },
      {
        "type": "Hex High Entropy String",
        "filename": ".specify\\integrations\\claude.manifest.json",
        "hashed_secret": "f4b414201c3a8c9e480551fb93ddbff5d3fecbae",
        "is_verified": false,
        "line_number": 9
      },
      {
        "type": "Hex High Entropy String",
        "filename": ".specify\\integrations\\claude.manifest.json",
        "hashed_secret": "ee1a07284fc1b498931a92abccec038906680f7d",
        "is_verified": false,
        "line_number": 10
      },
      {
        "type": "Hex High Entropy String",
        "filename": ".specify\\integrations\\claude.manifest.json",
        "hashed_secret": "2b248335cd0b122b8744b127f76e3dbdd19fa94f",
        "is_verified": false,
        "line_number": 11
      },
      {
        "type": "Hex High Entropy String",
        "filename": ".specify\\integrations\\claude.manifest.json",
        "hashed_secret": "28b960adf8daa3c1a4348e4a8800803840b8500f",
        "is_verified": false,
        "line_number": 12
      },
      {
        "type": "Hex High Entropy String",
        "filename": ".specify\\integrations\\claude.manifest.json",
        "hashed_secret": "73424ab3801cb486f22d7073002069f6b2b6966d",
        "is_verified": false,
        "line_number": 13
      },
      {
        "type": "Hex High Entropy String",
        "filename": ".specify\\integrations\\claude.manifest.json",
        "hashed_secret": "b7bd52c211ba3e3f2c8ab9f5514075f087825dfd",
        "is_verified": false,
        "line_number": 14
      },
      {
        "type": "Hex High Entropy String",
        "filename": ".specify\\integrations\\claude.manifest.json",
        "hashed_secret": "7a455d1b9f3acb63ce22252de4bf71d1eee08a2a",
        "is_verified": false,
        "line_number": 15
      },
      {
        "type": "Hex High Entropy String",
        "filename": ".specify\\integrations\\claude.manifest.json",
        "hashed_secret": "d0bacdc5c45e2ae4778d769bfdaced8fed9a49af",
        "is_verified": false,
        "line_number": 16
      }
    ],
    ".specify\\integrations\\speckit.manifest.json": [
      {
        "type": "Hex High Entropy String",
        "filename": ".specify\\integrations\\speckit.manifest.json",
        "hashed_secret": "cdc0caeb81ec1cf29e7928bbdb540ebe3f1fac86",
        "is_verified": false,
        "line_number": 6
      },
      {
        "type": "Hex High Entropy String",
        "filename": ".specify\\integrations\\speckit.manifest.json",
        "hashed_secret": "9a92d22adb49a36c7b09006d0b5ce64b2a06da3b",
        "is_verified": false,
        "line_number": 7
      },
      {
        "type": "Hex High Entropy String",
        "filename": ".specify\\integrations\\speckit.manifest.json",
        "hashed_secret": "dc6ebce28979c53705832e04f0998077cca579e1",
        "is_verified": false,
        "line_number": 8
      },
      {
        "type": "Hex High Entropy String",
        "filename": ".specify\\integrations\\speckit.manifest.json",
        "hashed_secret": "48c57f74c8a61617791d0079ea8591ccfbe02a3e",
        "is_verified": false,
        "line_number": 9
      },
      {
        "type": "Hex High Entropy String",
        "filename": ".specify\\integrations\\speckit.manifest.json",
        "hashed_secret": "490f3c08b51b65c9929d17349d305598d9b563f1",
        "is_verified": false,
        "line_number": 10
      },
      {
        "type": "Hex High Entropy String",
        "filename": ".specify\\integrations\\speckit.manifest.json",
        "hashed_secret": "383610ffbbf1dedb179ce6941130c5552d19a878",
        "is_verified": false,
        "line_number": 11
      },
      {
        "type": "Hex High Entropy String",
        "filename": ".specify\\integrations\\speckit.manifest.json",
        "hashed_secret": "25c4a42ae4038007ad01f74d7e01a9d3352ef6ce",
        "is_verified": false,
        "line_number": 12
      },
      {
        "type": "Hex High Entropy String",
        "filename": ".specify\\integrations\\speckit.manifest.json",
        "hashed_secret": "ecde51343aeae413aaba7dc0a5eb327c83bdd97f",
        "is_verified": false,
        "line_number": 13
      },
      {
        "type": "Hex High Entropy String",
        "filename": ".specify\\integrations\\speckit.manifest.json",
        "hashed_secret": "746a2d850e502846d59fe659792b872d4c4975be",
        "is_verified": false,
        "line_number": 14
      },
      {
        "type": "Hex High Entropy String",
        "filename": ".specify\\integrations\\speckit.manifest.json",
        "hashed_secret": "f62ce11f87bbaf8e483b35c88b2749cb036fc160",
        "is_verified": false,
        "line_number": 15
      },
      {
        "type": "Hex High Entropy String",
        "filename": ".specify\\integrations\\speckit.manifest.json",
        "hashed_secret": "cdc48624f811163554935cc3df030d9aa9563e9d",
        "is_verified": false,
        "line_number": 16
      }
    ],
    "backend\\.env.example": [
      {
        "type": "Basic Auth Credentials",
        "filename": "backend\\.env.example",
        "hashed_secret": "ea72f7010dd797a00526144c395e8d506a0d843a",
        "is_verified": false,
        "line_number": 7
      }
    ],
    "backend\\app\\config.py": [
      {
        "type": "Basic Auth Credentials",
        "filename": "backend\\app\\config.py",
        "hashed_secret": "afc848c316af1a89d49826c5ae9d00ed769415f3",
        "is_verified": false,
        "line_number": 27
      }
    ]
  },
  "generated_at": "2026-04-11T00:17:54Z"
}
